
*** Running vivado
    with args -log design_1_wrapper.vdi -applog -m64 -product Vivado -messageDb vivado.pb -mode batch -source design_1_wrapper.tcl -notrace



****** Vivado v2024.2 (64-bit)
  **** SW Build 5239630 on Fri Nov 08 22:35:27 MST 2024
  **** IP Build 5239520 on Sun Nov 10 16:12:51 MST 2024
  **** SharedData Build 5239561 on Fri Nov 08 14:39:27 MST 2024
  **** Start of session at: Wed Aug 19 17:35:32 2026
    ** Copyright 1986-2022 Xilinx, Inc. All Rights Reserved.
    ** Copyright 2022-2024 Advanced Micro Devices, Inc. All Rights Reserved.

source design_1_wrapper.tcl -notrace
INFO: [IP_Flow 19-234] Refreshing IP repositories
INFO: [IP_Flow 19-1700] Loaded user IP repository 'c:/Users/tillkorsmeier/Desktop/MA/Z7-Nano/ParEIS-MSX/ip_repo'.
INFO: [IP_Flow 19-2313] Loaded Vivado IP repository 'C:/Xilinx/Vivado/2024.2/data/ip'.
Command: link_design -top design_1_wrapper -part xc7z010clg400-1
Design is defaulting to srcset: sources_1
Design is defaulting to constrset: constrs_1
INFO: [Device 21-403] Loading part xc7z010clg400-1
INFO: [Project 1-454] Reading design checkpoint 'c:/Users/tillkorsmeier/Desktop/MA/Z7-Nano/ParEIS-MSX/HW/HW.gen/sources_1/bd/design_1/ip/design_1_AddCycle_Acquisition_0_0/design_1_AddCycle_Acquisition_0_0.dcp' for cell 'design_1_i/AddCycle_Acquisition_0'
INFO: [Project 1-454] Reading design checkpoint 'c:/Users/tillkorsmeier/Desktop/MA/Z7-Nano/ParEIS-MSX/HW/HW.gen/sources_1/bd/design_1/ip/design_1_axi_dma_0_0/design_1_axi_dma_0_0.dcp' for cell 'design_1_i/axi_dma_0'
INFO: [Project 1-454] Reading design checkpoint 'c:/Users/tillkorsmeier/Desktop/MA/Z7-Nano/ParEIS-MSX/HW/HW.gen/sources_1/bd/design_1/ip/design_1_axi_smc_0/design_1_axi_smc_0.dcp' for cell 'design_1_i/axi_smc'
INFO: [Project 1-454] Reading design checkpoint 'c:/Users/tillkorsmeier/Desktop/MA/Z7-Nano/ParEIS-MSX/HW/HW.gen/sources_1/bd/design_1/ip/design_1_axis_data_fifo_0_0/design_1_axis_data_fifo_0_0.dcp' for cell 'design_1_i/axis_data_fifo_0'
INFO: [Project 1-454] Reading design checkpoint 'c:/Users/tillkorsmeier/Desktop/MA/Z7-Nano/ParEIS-MSX/HW/HW.gen/sources_1/bd/design_1/ip/design_1_processing_system7_0_0/design_1_processing_system7_0_0.dcp' for cell 'design_1_i/processing_system7_0'
INFO: [Project 1-454] Reading design checkpoint 'c:/Users/tillkorsmeier/Desktop/MA/Z7-Nano/ParEIS-MSX/HW/HW.gen/sources_1/bd/design_1/ip/design_1_rst_ps7_0_100M_0/design_1_rst_ps7_0_100M_0.dcp' for cell 'design_1_i/rst_ps7_0_100M'
INFO: [Project 1-454] Reading design checkpoint 'c:/Users/tillkorsmeier/Desktop/MA/Z7-Nano/ParEIS-MSX/HW/HW.gen/sources_1/bd/design_1/ip/design_1_axi_mem_intercon_imp_auto_pc_0/design_1_axi_mem_intercon_imp_auto_pc_0.dcp' for cell 'design_1_i/axi_mem_intercon/s00_couplers/auto_pc'
Netlist sorting complete. Time (s): cpu = 00:00:00 ; elapsed = 00:00:00.289 . Memory (MB): peak = 748.492 ; gain = 0.000
INFO: [Netlist 29-17] Analyzing 254 Unisim elements for replacement
INFO: [Netlist 29-28] Unisim Transformation completed in 0 CPU seconds
INFO: [Project 1-479] Netlist was created with Vivado 2024.2
INFO: [Project 1-570] Preparing netlist for logic optimization
Parsing XDC File [c:/Users/tillkorsmeier/Desktop/MA/Z7-Nano/ParEIS-MSX/HW/HW.gen/sources_1/bd/design_1/ip/design_1_processing_system7_0_0/design_1_processing_system7_0_0.xdc] for cell 'design_1_i/processing_system7_0/inst'
Finished Parsing XDC File [c:/Users/tillkorsmeier/Desktop/MA/Z7-Nano/ParEIS-MSX/HW/HW.gen/sources_1/bd/design_1/ip/design_1_processing_system7_0_0/design_1_processing_system7_0_0.xdc] for cell 'design_1_i/processing_system7_0/inst'
Parsing XDC File [c:/Users/tillkorsmeier/Desktop/MA/Z7-Nano/ParEIS-MSX/HW/HW.gen/sources_1/bd/design_1/ip/design_1_axi_smc_0/bd_0/ip/ip_1/bd_afc3_psr_aclk_0_board.xdc] for cell 'design_1_i/axi_smc/inst/clk_map/psr_aclk/U0'
Finished Parsing XDC File [c:/Users/tillkorsmeier/Desktop/MA/Z7-Nano/ParEIS-MSX/HW/HW.gen/sources_1/bd/design_1/ip/design_1_axi_smc_0/bd_0/ip/ip_1/bd_afc3_psr_aclk_0_board.xdc] for cell 'design_1_i/axi_smc/inst/clk_map/psr_aclk/U0'
Parsing XDC File [c:/Users/tillkorsmeier/Desktop/MA/Z7-Nano/ParEIS-MSX/HW/HW.gen/sources_1/bd/design_1/ip/design_1_axi_smc_0/bd_0/ip/ip_1/bd_afc3_psr_aclk_0.xdc] for cell 'design_1_i/axi_smc/inst/clk_map/psr_aclk/U0'
Finished Parsing XDC File [c:/Users/tillkorsmeier/Desktop/MA/Z7-Nano/ParEIS-MSX/HW/HW.gen/sources_1/bd/design_1/ip/design_1_axi_smc_0/bd_0/ip/ip_1/bd_afc3_psr_aclk_0.xdc] for cell 'design_1_i/axi_smc/inst/clk_map/psr_aclk/U0'
Parsing XDC File [c:/Users/tillkorsmeier/Desktop/MA/Z7-Nano/ParEIS-MSX/HW/HW.gen/sources_1/bd/design_1/ip/design_1_axi_smc_0/smartconnect.xdc] for cell 'design_1_i/axi_smc/inst'
Finished Parsing XDC File [c:/Users/tillkorsmeier/Desktop/MA/Z7-Nano/ParEIS-MSX/HW/HW.gen/sources_1/bd/design_1/ip/design_1_axi_smc_0/smartconnect.xdc] for cell 'design_1_i/axi_smc/inst'
Parsing XDC File [c:/Users/tillkorsmeier/Desktop/MA/Z7-Nano/ParEIS-MSX/HW/HW.gen/sources_1/bd/design_1/ip/design_1_rst_ps7_0_100M_0/design_1_rst_ps7_0_100M_0_board.xdc] for cell 'design_1_i/rst_ps7_0_100M/U0'
Finished Parsing XDC File [c:/Users/tillkorsmeier/Desktop/MA/Z7-Nano/ParEIS-MSX/HW/HW.gen/sources_1/bd/design_1/ip/design_1_rst_ps7_0_100M_0/design_1_rst_ps7_0_100M_0_board.xdc] for cell 'design_1_i/rst_ps7_0_100M/U0'
Parsing XDC File [c:/Users/tillkorsmeier/Desktop/MA/Z7-Nano/ParEIS-MSX/HW/HW.gen/sources_1/bd/design_1/ip/design_1_rst_ps7_0_100M_0/design_1_rst_ps7_0_100M_0.xdc] for cell 'design_1_i/rst_ps7_0_100M/U0'
Finished Parsing XDC File [c:/Users/tillkorsmeier/Desktop/MA/Z7-Nano/ParEIS-MSX/HW/HW.gen/sources_1/bd/design_1/ip/design_1_rst_ps7_0_100M_0/design_1_rst_ps7_0_100M_0.xdc] for cell 'design_1_i/rst_ps7_0_100M/U0'
Parsing XDC File [c:/Users/tillkorsmeier/Desktop/MA/Z7-Nano/ParEIS-MSX/HW/HW.gen/sources_1/bd/design_1/ip/design_1_axi_dma_0_0/design_1_axi_dma_0_0.xdc] for cell 'design_1_i/axi_dma_0/U0'
WARNING: [Vivado_Tcl 4-921] Waiver ID 'CDC-1' -to list should not be empty. [c:/Users/tillkorsmeier/Desktop/MA/Z7-Nano/ParEIS-MSX/HW/HW.gen/sources_1/bd/design_1/ip/design_1_axi_dma_0_0/design_1_axi_dma_0_0.xdc:52]
WARNING: [Vivado_Tcl 4-921] Waiver ID 'CDC-1' -to list should not be empty. [c:/Users/tillkorsmeier/Desktop/MA/Z7-Nano/ParEIS-MSX/HW/HW.gen/sources_1/bd/design_1/ip/design_1_axi_dma_0_0/design_1_axi_dma_0_0.xdc:56]
WARNING: [Vivado_Tcl 4-919] Waiver ID 'CDC-1' -from list should not be empty. [c:/Users/tillkorsmeier/Desktop/MA/Z7-Nano/ParEIS-MSX/HW/HW.gen/sources_1/bd/design_1/ip/design_1_axi_dma_0_0/design_1_axi_dma_0_0.xdc:61]
Finished Parsing XDC File [c:/Users/tillkorsmeier/Desktop/MA/Z7-Nano/ParEIS-MSX/HW/HW.gen/sources_1/bd/design_1/ip/design_1_axi_dma_0_0/design_1_axi_dma_0_0.xdc] for cell 'design_1_i/axi_dma_0/U0'
Parsing XDC File [C:/Users/tillkorsmeier/Desktop/MA/Z7-Nano/ParEIS-MSX/HW/HW.srcs/constrs_1/new/HW_IO.xdc]
Finished Parsing XDC File [C:/Users/tillkorsmeier/Desktop/MA/Z7-Nano/ParEIS-MSX/HW/HW.srcs/constrs_1/new/HW_IO.xdc]
Parsing XDC File [c:/Users/tillkorsmeier/Desktop/MA/Z7-Nano/ParEIS-MSX/HW/HW.gen/sources_1/bd/design_1/ip/design_1_axi_dma_0_0/design_1_axi_dma_0_0_clocks.xdc] for cell 'design_1_i/axi_dma_0/U0'
Finished Parsing XDC File [c:/Users/tillkorsmeier/Desktop/MA/Z7-Nano/ParEIS-MSX/HW/HW.gen/sources_1/bd/design_1/ip/design_1_axi_dma_0_0/design_1_axi_dma_0_0_clocks.xdc] for cell 'design_1_i/axi_dma_0/U0'
INFO: [Project 1-1714] 51 XPM XDC files have been applied to the design.
INFO: [Opt 31-138] Pushed 0 inverter(s) to 0 load pin(s).
Netlist sorting complete. Time (s): cpu = 00:00:00 ; elapsed = 00:00:00.004 . Memory (MB): peak = 1509.465 ; gain = 0.000
INFO: [Project 1-111] Unisim Transformation Summary:
  A total of 4 instances were transformed.
  RAM32M => RAM32M (RAMD32(x6), RAMS32(x2)): 4 instances

18 Infos, 3 Warnings, 0 Critical Warnings and 0 Errors encountered.
link_design completed successfully
link_design: Time (s): cpu = 00:00:26 ; elapsed = 00:00:33 . Memory (MB): peak = 1509.465 ; gain = 1041.594
Command: opt_design
Attempting to get a license for feature 'Implementation' and/or device 'xc7z010'
INFO: [Common 17-349] Got license for feature 'Implementation' and/or device 'xc7z010'
Running DRC as a precondition to command opt_design

Starting DRC Task
INFO: [DRC 23-27] Running DRC with 2 threads
INFO: [Project 1-461] DRC finished with 0 Errors
INFO: [Project 1-462] Please refer to the DRC report (report_drc) for more information.

Time (s): cpu = 00:00:06 ; elapsed = 00:00:04 . Memory (MB): peak = 1509.465 ; gain = 0.000

Starting Cache Timing Information Task
INFO: [Timing 38-35] Done setting XDC timing constraints.
Ending Cache Timing Information Task | Checksum: 1b33b07db

Time (s): cpu = 00:00:01 ; elapsed = 00:00:00.380 . Memory (MB): peak = 1509.465 ; gain = 0.000

Starting Logic Optimization Task

Phase 1 Initialization

Phase 1.1 Core Generation And Design Setup
Phase 1.1 Core Generation And Design Setup | Checksum: 1b33b07db

Time (s): cpu = 00:00:00 ; elapsed = 00:00:00.022 . Memory (MB): peak = 1884.133 ; gain = 0.000

Phase 1.2 Setup Constraints And Sort Netlist
Phase 1.2 Setup Constraints And Sort Netlist | Checksum: 1b33b07db

Time (s): cpu = 00:00:00 ; elapsed = 00:00:00.037 . Memory (MB): peak = 1884.133 ; gain = 0.000
Phase 1 Initialization | Checksum: 1b33b07db

Time (s): cpu = 00:00:00 ; elapsed = 00:00:00.041 . Memory (MB): peak = 1884.133 ; gain = 0.000

Phase 2 Timer Update And Timing Data Collection

Phase 2.1 Timer Update
Phase 2.1 Timer Update | Checksum: 1b33b07db

Time (s): cpu = 00:00:01 ; elapsed = 00:00:00.239 . Memory (MB): peak = 1884.133 ; gain = 0.000

Phase 2.2 Timing Data Collection
Phase 2.2 Timing Data Collection | Checksum: 1b33b07db

Time (s): cpu = 00:00:01 ; elapsed = 00:00:00.281 . Memory (MB): peak = 1884.133 ; gain = 0.000
Phase 2 Timer Update And Timing Data Collection | Checksum: 1b33b07db

Time (s): cpu = 00:00:01 ; elapsed = 00:00:00.284 . Memory (MB): peak = 1884.133 ; gain = 0.000

Phase 3 Retarget
INFO: [Opt 31-1851] Number of loadless carry chains removed were: 0
INFO: [Opt 31-1834] Total Chains To Be Transformed Were: 0 AND Number of Transformed insts Created are: 0
INFO: [Opt 31-1566] Pulled 2 inverters resulting in an inversion of 10 pins
INFO: [Opt 31-138] Pushed 6 inverter(s) to 22 load pin(s).
INFO: [Opt 31-49] Retargeted 0 cell(s).
Phase 3 Retarget | Checksum: 1fa59c308

Time (s): cpu = 00:00:01 ; elapsed = 00:00:00.554 . Memory (MB): peak = 1884.133 ; gain = 0.000
Retarget | Checksum: 1fa59c308
INFO: [Opt 31-389] Phase Retarget created 16 cells and removed 97 cells
INFO: [Opt 31-1021] In phase Retarget, 99 netlist objects are constrained preventing optimization. Please run opt_design with -debug_log to get more detail. 

Phase 4 Constant propagation
INFO: [Opt 31-138] Pushed 1 inverter(s) to 2 load pin(s).
Phase 4 Constant propagation | Checksum: 14618b26e

Time (s): cpu = 00:00:01 ; elapsed = 00:00:00.659 . Memory (MB): peak = 1884.133 ; gain = 0.000
Constant propagation | Checksum: 14618b26e
INFO: [Opt 31-389] Phase Constant propagation created 13 cells and removed 66 cells
INFO: [Opt 31-1021] In phase Constant propagation, 98 netlist objects are constrained preventing optimization. Please run opt_design with -debug_log to get more detail. 

Phase 5 Sweep
INFO: [Constraints 18-11670] Building netlist checker database with flags, 0x8
Done building netlist checker database: Time (s): cpu = 00:00:01 ; elapsed = 00:00:00.004 . Memory (MB): peak = 1884.133 ; gain = 0.000
INFO: [Constraints 18-11670] Building netlist checker database with flags, 0x8
Done building netlist checker database: Time (s): cpu = 00:00:00 ; elapsed = 00:00:00.004 . Memory (MB): peak = 1884.133 ; gain = 0.000
Phase 5 Sweep | Checksum: 154abe453

Time (s): cpu = 00:00:02 ; elapsed = 00:00:01 . Memory (MB): peak = 1884.133 ; gain = 0.000
Sweep | Checksum: 154abe453
INFO: [Opt 31-389] Phase Sweep created 0 cells and removed 182 cells
INFO: [Opt 31-1021] In phase Sweep, 165 netlist objects are constrained preventing optimization. Please run opt_design with -debug_log to get more detail. 

Phase 6 BUFG optimization
Phase 6 BUFG optimization | Checksum: 154abe453

Time (s): cpu = 00:00:02 ; elapsed = 00:00:02 . Memory (MB): peak = 1884.133 ; gain = 0.000
BUFG optimization | Checksum: 154abe453
INFO: [Opt 31-662] Phase BUFG optimization created 0 cells of which 0 are BUFGs and removed 0 cells.

Phase 7 Shift Register Optimization
INFO: [Opt 31-1064] SRL Remap converted 0 SRLs to 0 registers and converted 0 registers of register chains to 0 SRLs
Phase 7 Shift Register Optimization | Checksum: 154abe453

Time (s): cpu = 00:00:02 ; elapsed = 00:00:02 . Memory (MB): peak = 1884.133 ; gain = 0.000
Shift Register Optimization | Checksum: 154abe453
INFO: [Opt 31-389] Phase Shift Register Optimization created 0 cells and removed 0 cells

Phase 8 Post Processing Netlist
Phase 8 Post Processing Netlist | Checksum: 1e5985162

Time (s): cpu = 00:00:02 ; elapsed = 00:00:02 . Memory (MB): peak = 1884.133 ; gain = 0.000
Post Processing Netlist | Checksum: 1e5985162
INFO: [Opt 31-389] Phase Post Processing Netlist created 0 cells and removed 0 cells
INFO: [Opt 31-1021] In phase Post Processing Netlist, 117 netlist objects are constrained preventing optimization. Please run opt_design with -debug_log to get more detail. 

Phase 9 Finalization

Phase 9.1 Finalizing Design Cores and Updating Shapes
Phase 9.1 Finalizing Design Cores and Updating Shapes | Checksum: 1d2674220

Time (s): cpu = 00:00:02 ; elapsed = 00:00:02 . Memory (MB): peak = 1884.133 ; gain = 0.000

Phase 9.2 Verifying Netlist Connectivity

Starting Connectivity Check Task

Time (s): cpu = 00:00:00 ; elapsed = 00:00:00.031 . Memory (MB): peak = 1884.133 ; gain = 0.000
Phase 9.2 Verifying Netlist Connectivity | Checksum: 1d2674220

Time (s): cpu = 00:00:02 ; elapsed = 00:00:02 . Memory (MB): peak = 1884.133 ; gain = 0.000
Phase 9 Finalization | Checksum: 1d2674220

Time (s): cpu = 00:00:02 ; elapsed = 00:00:02 . Memory (MB): peak = 1884.133 ; gain = 0.000
Opt_design Change Summary
=========================


-------------------------------------------------------------------------------------------------------------------------
|  Phase                        |  #Cells created  |  #Cells Removed  |  #Constrained objects preventing optimizations  |
-------------------------------------------------------------------------------------------------------------------------
|  Retarget                     |              16  |              97  |                                             99  |
|  Constant propagation         |              13  |              66  |                                             98  |
|  Sweep                        |               0  |             182  |                                            165  |
|  BUFG optimization            |               0  |               0  |                                              0  |
|  Shift Register Optimization  |               0  |               0  |                                              0  |
|  Post Processing Netlist      |               0  |               0  |                                            117  |
-------------------------------------------------------------------------------------------------------------------------


Ending Logic Optimization Task | Checksum: 1d2674220

Time (s): cpu = 00:00:02 ; elapsed = 00:00:02 . Memory (MB): peak = 1884.133 ; gain = 0.000

Starting Power Optimization Task
INFO: [Pwropt 34-132] Skipping clock gating for clocks with a period < 2.00 ns.
INFO: [Pwropt 34-9] Applying IDT optimizations ...
INFO: [Pwropt 34-10] Applying ODC optimizations ...
INFO: [Timing 38-35] Done setting XDC timing constraints.
Running Vector-less Activity Propagation...

Finished Running Vector-less Activity Propagation


Starting PowerOpt Patch Enables Task
INFO: [Pwropt 34-162] WRITE_MODE attribute of 0 BRAM(s) out of a total of 5 has been updated to save power. Run report_power_opt to get a complete listing of the BRAMs updated.
INFO: [Pwropt 34-201] Structural ODC has moved 1 WE to EN ports
Number of BRAM Ports augmented: 6 newly gated: 1 Total Ports: 10
Ending PowerOpt Patch Enables Task | Checksum: 1185a73c2

Time (s): cpu = 00:00:00 ; elapsed = 00:00:00.069 . Memory (MB): peak = 2038.887 ; gain = 0.000
Ending Power Optimization Task | Checksum: 1185a73c2

Time (s): cpu = 00:00:04 ; elapsed = 00:00:04 . Memory (MB): peak = 2038.887 ; gain = 154.754

Starting Final Cleanup Task
Ending Final Cleanup Task | Checksum: 1185a73c2

Time (s): cpu = 00:00:00 ; elapsed = 00:00:00.003 . Memory (MB): peak = 2038.887 ; gain = 0.000

Starting Netlist Obfuscation Task
Netlist sorting complete. Time (s): cpu = 00:00:00 ; elapsed = 00:00:00.027 . Memory (MB): peak = 2038.887 ; gain = 0.000
Ending Netlist Obfuscation Task | Checksum: 162eb8d57

Time (s): cpu = 00:00:00 ; elapsed = 00:00:00.030 . Memory (MB): peak = 2038.887 ; gain = 0.000
INFO: [Common 17-83] Releasing license: Implementation
49 Infos, 3 Warnings, 0 Critical Warnings and 0 Errors encountered.
opt_design completed successfully
opt_design: Time (s): cpu = 00:00:17 ; elapsed = 00:00:16 . Memory (MB): peak = 2038.887 ; gain = 529.422
INFO: [Vivado 12-24828] Executing command : report_drc -file design_1_wrapper_drc_opted.rpt -pb design_1_wrapper_drc_opted.pb -rpx design_1_wrapper_drc_opted.rpx
Command: report_drc -file design_1_wrapper_drc_opted.rpt -pb design_1_wrapper_drc_opted.pb -rpx design_1_wrapper_drc_opted.rpx
INFO: [IP_Flow 19-1839] IP Catalog is up to date.
INFO: [DRC 23-27] Running DRC with 2 threads
INFO: [Vivado_Tcl 2-168] The results of DRC are in file C:/Users/tillkorsmeier/Desktop/MA/Z7-Nano/ParEIS-MSX/HW/HW.runs/impl_1/design_1_wrapper_drc_opted.rpt.
report_drc completed successfully
report_drc: Time (s): cpu = 00:00:07 ; elapsed = 00:00:05 . Memory (MB): peak = 2038.887 ; gain = 0.000
generate_parallel_reports: Time (s): cpu = 00:00:07 ; elapsed = 00:00:05 . Memory (MB): peak = 2038.887 ; gain = 0.000
INFO: [Timing 38-480] Writing timing data to binary archive.
Write ShapeDB Complete: Time (s): cpu = 00:00:00 ; elapsed = 00:00:00.108 . Memory (MB): peak = 2038.887 ; gain = 0.000
Wrote PlaceDB: Time (s): cpu = 00:00:00 ; elapsed = 00:00:00.118 . Memory (MB): peak = 2038.887 ; gain = 0.000
Wrote PulsedLatchDB: Time (s): cpu = 00:00:00 ; elapsed = 00:00:00.003 . Memory (MB): peak = 2038.887 ; gain = 0.000
Writing XDEF routing.
Writing XDEF routing logical nets.
Writing XDEF routing special nets.
Wrote RouteStorage: Time (s): cpu = 00:00:00 ; elapsed = 00:00:00.062 . Memory (MB): peak = 2038.887 ; gain = 0.000
Wrote Netlist Cache: Time (s): cpu = 00:00:00 ; elapsed = 00:00:00.001 . Memory (MB): peak = 2038.887 ; gain = 0.000
Wrote Device Cache: Time (s): cpu = 00:00:00 ; elapsed = 00:00:00.042 . Memory (MB): peak = 2038.887 ; gain = 0.000
Write Physdb Complete: Time (s): cpu = 00:00:00 ; elapsed = 00:00:00.259 . Memory (MB): peak = 2038.887 ; gain = 0.000
INFO: [Common 17-1381] The checkpoint 'C:/Users/tillkorsmeier/Desktop/MA/Z7-Nano/ParEIS-MSX/HW/HW.runs/impl_1/design_1_wrapper_opt.dcp' has been generated.
Command: place_design
Attempting to get a license for feature 'Implementation' and/or device 'xc7z010'
INFO: [Common 17-349] Got license for feature 'Implementation' and/or device 'xc7z010'
INFO: [Common 17-83] Releasing license: Implementation
INFO: [DRC 23-27] Running DRC with 2 threads
INFO: [Vivado_Tcl 4-198] DRC finished with 0 Errors
INFO: [Vivado_Tcl 4-199] Please refer to the DRC report (report_drc) for more information.
Running DRC as a precondition to command place_design
INFO: [DRC 23-27] Running DRC with 2 threads
INFO: [Vivado_Tcl 4-198] DRC finished with 0 Errors
INFO: [Vivado_Tcl 4-199] Please refer to the DRC report (report_drc) for more information.
INFO: [Place 30-611] Multithreading enabled for place_design using a maximum of 2 CPUs

Starting Placer Task

Phase 1 Placer Initialization

Phase 1.1 Placer Initialization Netlist Sorting
Netlist sorting complete. Time (s): cpu = 00:00:00 ; elapsed = 00:00:00.004 . Memory (MB): peak = 2038.887 ; gain = 0.000
Phase 1.1 Placer Initialization Netlist Sorting | Checksum: e658f3a3

Time (s): cpu = 00:00:00 ; elapsed = 00:00:00.020 . Memory (MB): peak = 2038.887 ; gain = 0.000
Netlist sorting complete. Time (s): cpu = 00:00:00 ; elapsed = 00:00:00.003 . Memory (MB): peak = 2038.887 ; gain = 0.000

Phase 1.2 IO Placement/ Clock Placement/ Build Placer Device
INFO: [Timing 38-35] Done setting XDC timing constraints.
Phase 1.2 IO Placement/ Clock Placement/ Build Placer Device | Checksum: 1e766f4c2

Time (s): cpu = 00:00:02 ; elapsed = 00:00:02 . Memory (MB): peak = 2038.887 ; gain = 0.000

Phase 1.3 Build Placer Netlist Model
Phase 1.3 Build Placer Netlist Model | Checksum: 296697655

Time (s): cpu = 00:00:04 ; elapsed = 00:00:04 . Memory (MB): peak = 2038.887 ; gain = 0.000

Phase 1.4 Constrain Clocks/Macros
Phase 1.4 Constrain Clocks/Macros | Checksum: 296697655

Time (s): cpu = 00:00:04 ; elapsed = 00:00:04 . Memory (MB): peak = 2038.887 ; gain = 0.000
Phase 1 Placer Initialization | Checksum: 296697655

Time (s): cpu = 00:00:04 ; elapsed = 00:00:04 . Memory (MB): peak = 2038.887 ; gain = 0.000

Phase 2 Global Placement

Phase 2.1 Floorplanning
Phase 2.1 Floorplanning | Checksum: 28aa8c353

Time (s): cpu = 00:00:05 ; elapsed = 00:00:05 . Memory (MB): peak = 2038.887 ; gain = 0.000

Phase 2.2 Update Timing before SLR Path Opt
Phase 2.2 Update Timing before SLR Path Opt | Checksum: 23607924e

Time (s): cpu = 00:00:06 ; elapsed = 00:00:05 . Memory (MB): peak = 2038.887 ; gain = 0.000

Phase 2.3 Post-Processing in Floorplanning
Phase 2.3 Post-Processing in Floorplanning | Checksum: 23607924e

Time (s): cpu = 00:00:06 ; elapsed = 00:00:05 . Memory (MB): peak = 2038.887 ; gain = 0.000

Phase 2.4 Global Place Phase1
Phase 2.4 Global Place Phase1 | Checksum: fe9d0dbc

Time (s): cpu = 00:00:16 ; elapsed = 00:00:20 . Memory (MB): peak = 2038.887 ; gain = 0.000

Phase 2.5 Global Place Phase2

Phase 2.5.1 UpdateTiming Before Physical Synthesis
Phase 2.5.1 UpdateTiming Before Physical Synthesis | Checksum: 14f8104d7

Time (s): cpu = 00:00:16 ; elapsed = 00:00:21 . Memory (MB): peak = 2038.887 ; gain = 0.000

Phase 2.5.2 Physical Synthesis In Placer
INFO: [Physopt 32-1035] Found 0 LUTNM shape to break, 299 LUT instances to create LUTNM shape
INFO: [Physopt 32-1044] Break lutnm for timing: one critical 0, two critical 0, total 0, new lutff created 0
INFO: [Physopt 32-1138] End 1 Pass. Optimized 99 nets or LUTs. Breaked 0 LUT, combined 99 existing LUTs and moved 0 existing LUT
INFO: [Physopt 32-65] No nets found for high-fanout optimization.
INFO: [Physopt 32-232] Optimized 0 net. Created 0 new instance.
INFO: [Physopt 32-775] End 1 Pass. Optimized 0 net or cell. Created 0 new cell, deleted 0 existing cell and moved 0 existing cell
INFO: [Physopt 32-670] No setup violation found.  DSP Register Optimization was not performed.
INFO: [Physopt 32-670] No setup violation found.  Shift Register to Pipeline Optimization was not performed.
INFO: [Physopt 32-670] No setup violation found.  Shift Register Optimization was not performed.
INFO: [Physopt 32-670] No setup violation found.  BRAM Register Optimization was not performed.
INFO: [Physopt 32-670] No setup violation found.  URAM Register Optimization was not performed.
INFO: [Physopt 32-949] No candidate nets found for dynamic/static region interface net replication
INFO: [Physopt 32-775] End 1 Pass. Optimized 0 net or cell. Created 0 new cell, deleted 0 existing cell and moved 0 existing cell
Netlist sorting complete. Time (s): cpu = 00:00:00 ; elapsed = 00:00:00.003 . Memory (MB): peak = 2038.887 ; gain = 0.000

Summary of Physical Synthesis Optimizations
============================================


-----------------------------------------------------------------------------------------------------------------------------------------------------------
|  Optimization                                     |  Added Cells  |  Removed Cells  |  Optimized Cells/Nets  |  Dont Touch  |  Iterations  |  Elapsed   |
-----------------------------------------------------------------------------------------------------------------------------------------------------------
|  LUT Combining                                    |            0  |             99  |                    99  |           0  |           1  |  00:00:00  |
|  Retime                                           |            0  |              0  |                     0  |           0  |           1  |  00:00:00  |
|  Very High Fanout                                 |            0  |              0  |                     0  |           0  |           1  |  00:00:00  |
|  DSP Register                                     |            0  |              0  |                     0  |           0  |           0  |  00:00:00  |
|  Shift Register to Pipeline                       |            0  |              0  |                     0  |           0  |           0  |  00:00:00  |
|  Shift Register                                   |            0  |              0  |                     0  |           0  |           0  |  00:00:00  |
|  BRAM Register                                    |            0  |              0  |                     0  |           0  |           0  |  00:00:00  |
|  URAM Register                                    |            0  |              0  |                     0  |           0  |           0  |  00:00:00  |
|  Dynamic/Static Region Interface Net Replication  |            0  |              0  |                     0  |           0  |           1  |  00:00:00  |
|  Total                                            |            0  |             99  |                    99  |           0  |           4  |  00:00:00  |
-----------------------------------------------------------------------------------------------------------------------------------------------------------


Phase 2.5.2 Physical Synthesis In Placer | Checksum: b1c0b644

Time (s): cpu = 00:00:18 ; elapsed = 00:00:22 . Memory (MB): peak = 2038.887 ; gain = 0.000
Phase 2.5 Global Place Phase2 | Checksum: 995c4e59

Time (s): cpu = 00:00:18 ; elapsed = 00:00:22 . Memory (MB): peak = 2038.887 ; gain = 0.000
Phase 2 Global Placement | Checksum: 995c4e59

Time (s): cpu = 00:00:18 ; elapsed = 00:00:22 . Memory (MB): peak = 2038.887 ; gain = 0.000

Phase 3 Detail Placement

Phase 3.1 Commit Multi Column Macros
Phase 3.1 Commit Multi Column Macros | Checksum: 102761595

Time (s): cpu = 00:00:19 ; elapsed = 00:00:23 . Memory (MB): peak = 2038.887 ; gain = 0.000

Phase 3.2 Commit Most Macros & LUTRAMs
Phase 3.2 Commit Most Macros & LUTRAMs | Checksum: b93d9248

Time (s): cpu = 00:00:20 ; elapsed = 00:00:24 . Memory (MB): peak = 2038.887 ; gain = 0.000

Phase 3.3 Area Swap Optimization
Phase 3.3 Area Swap Optimization | Checksum: cfa7b01a

Time (s): cpu = 00:00:20 ; elapsed = 00:00:25 . Memory (MB): peak = 2038.887 ; gain = 0.000

Phase 3.4 Pipeline Register Optimization
Phase 3.4 Pipeline Register Optimization | Checksum: 1371f2f2b

Time (s): cpu = 00:00:20 ; elapsed = 00:00:25 . Memory (MB): peak = 2038.887 ; gain = 0.000

Phase 3.5 Small Shape Detail Placement
Phase 3.5 Small Shape Detail Placement | Checksum: 1b5f526b8

Time (s): cpu = 00:00:23 ; elapsed = 00:00:28 . Memory (MB): peak = 2038.887 ; gain = 0.000

Phase 3.6 Re-assign LUT pins
Phase 3.6 Re-assign LUT pins | Checksum: 194db5796

Time (s): cpu = 00:00:23 ; elapsed = 00:00:28 . Memory (MB): peak = 2038.887 ; gain = 0.000

Phase 3.7 Pipeline Register Optimization
Phase 3.7 Pipeline Register Optimization | Checksum: 21883dd04

Time (s): cpu = 00:00:23 ; elapsed = 00:00:28 . Memory (MB): peak = 2038.887 ; gain = 0.000
Phase 3 Detail Placement | Checksum: 21883dd04

Time (s): cpu = 00:00:23 ; elapsed = 00:00:28 . Memory (MB): peak = 2038.887 ; gain = 0.000

Phase 4 Post Placement Optimization and Clean-Up

Phase 4.1 Post Commit Optimization
INFO: [Timing 38-35] Done setting XDC timing constraints.

Phase 4.1.1 Post Placement Optimization
Post Placement Optimization Initialization | Checksum: 213a06cd1

Phase 4.1.1.1 BUFG Insertion

Starting Physical Synthesis Task

Phase 1 Physical Synthesis Initialization
INFO: [Physopt 32-721] Multithreading enabled for phys_opt_design using a maximum of 2 CPUs
INFO: [Physopt 32-619] Estimated Timing Summary | WNS=1.343 | TNS=0.000 |
Phase 1 Physical Synthesis Initialization | Checksum: 172b33665

Time (s): cpu = 00:00:00 ; elapsed = 00:00:00.373 . Memory (MB): peak = 2038.887 ; gain = 0.000
INFO: [Place 46-33] Processed net design_1_i/AddCycle_Acquisition_0/U0/AddCycle_Acquisition_slave_lite_v1_0_S00_AXI_inst/u_acquisition_core/s00_axi_aresetn_0, BUFG insertion was skipped due to placement/routing conflicts.
INFO: [Place 46-33] Processed net design_1_i/AddCycle_Acquisition_0/U0/AddCycle_Acquisition_slave_lite_v1_0_S00_AXI_inst/u_acquisition_core/shift_reg[0][63]_i_1_n_0, BUFG insertion was skipped due to placement/routing conflicts.
INFO: [Place 46-56] BUFG insertion identified 2 candidate nets. Inserted BUFG: 0, Replicated BUFG Driver: 0, Skipped due to Placement/Routing Conflicts: 2, Skipped due to Timing Degradation: 0, Skipped due to netlist editing failed: 0.
Ending Physical Synthesis Task | Checksum: 240279a28

Time (s): cpu = 00:00:01 ; elapsed = 00:00:00.593 . Memory (MB): peak = 2038.887 ; gain = 0.000
Phase 4.1.1.1 BUFG Insertion | Checksum: 213a06cd1

Time (s): cpu = 00:00:27 ; elapsed = 00:00:31 . Memory (MB): peak = 2038.887 ; gain = 0.000

Phase 4.1.1.2 Post Placement Timing Optimization
INFO: [Place 30-746] Post Placement Timing Summary WNS=1.343. For the most accurate timing information please run report_timing.
Phase 4.1.1.2 Post Placement Timing Optimization | Checksum: 1cde2bd81

Time (s): cpu = 00:00:27 ; elapsed = 00:00:31 . Memory (MB): peak = 2038.887 ; gain = 0.000

Time (s): cpu = 00:00:27 ; elapsed = 00:00:31 . Memory (MB): peak = 2038.887 ; gain = 0.000
Phase 4.1 Post Commit Optimization | Checksum: 1cde2bd81

Time (s): cpu = 00:00:27 ; elapsed = 00:00:31 . Memory (MB): peak = 2038.887 ; gain = 0.000

Phase 4.2 Post Placement Cleanup
Phase 4.2 Post Placement Cleanup | Checksum: 1cde2bd81

Time (s): cpu = 00:00:27 ; elapsed = 00:00:31 . Memory (MB): peak = 2038.887 ; gain = 0.000

Phase 4.3 Placer Reporting

Phase 4.3.1 Print Estimated Congestion
INFO: [Place 30-612] Post-Placement Estimated Congestion 
 ____________________________________________________
|           | Global Congestion | Short Congestion  |
| Direction | Region Size       | Region Size       |
|___________|___________________|___________________|
|      North|                1x1|                1x1|
|___________|___________________|___________________|
|      South|                1x1|                2x2|
|___________|___________________|___________________|
|       East|                1x1|                1x1|
|___________|___________________|___________________|
|       West|                1x1|                1x1|
|___________|___________________|___________________|

Phase 4.3.1 Print Estimated Congestion | Checksum: 1cde2bd81

Time (s): cpu = 00:00:27 ; elapsed = 00:00:31 . Memory (MB): peak = 2038.887 ; gain = 0.000
Phase 4.3 Placer Reporting | Checksum: 1cde2bd81

Time (s): cpu = 00:00:27 ; elapsed = 00:00:31 . Memory (MB): peak = 2038.887 ; gain = 0.000

Phase 4.4 Final Placement Cleanup
Netlist sorting complete. Time (s): cpu = 00:00:00 ; elapsed = 00:00:00.010 . Memory (MB): peak = 2038.887 ; gain = 0.000

Time (s): cpu = 00:00:27 ; elapsed = 00:00:31 . Memory (MB): peak = 2038.887 ; gain = 0.000
Phase 4 Post Placement Optimization and Clean-Up | Checksum: 1fcc5d5a6

Time (s): cpu = 00:00:27 ; elapsed = 00:00:31 . Memory (MB): peak = 2038.887 ; gain = 0.000
Ending Placer Task | Checksum: 1f2781899

Time (s): cpu = 00:00:27 ; elapsed = 00:00:31 . Memory (MB): peak = 2038.887 ; gain = 0.000
86 Infos, 3 Warnings, 0 Critical Warnings and 0 Errors encountered.
place_design completed successfully
place_design: Time (s): cpu = 00:00:34 ; elapsed = 00:00:36 . Memory (MB): peak = 2038.887 ; gain = 0.000
INFO: [Vivado 12-24838] Running report commands "report_control_sets, report_io, report_utilization" in parallel.
Running report generation with 2 threads.
INFO: [Vivado 12-24828] Executing command : report_io -file design_1_wrapper_io_placed.rpt
report_io: Time (s): cpu = 00:00:01 ; elapsed = 00:00:00.216 . Memory (MB): peak = 2038.887 ; gain = 0.000
INFO: [Vivado 12-24828] Executing command : report_utilization -file design_1_wrapper_utilization_placed.rpt -pb design_1_wrapper_utilization_placed.pb
INFO: [Vivado 12-24828] Executing command : report_control_sets -verbose -file design_1_wrapper_control_sets_placed.rpt
report_control_sets: Time (s): cpu = 00:00:00 ; elapsed = 00:00:00.026 . Memory (MB): peak = 2038.887 ; gain = 0.000
INFO: [Timing 38-480] Writing timing data to binary archive.
Write ShapeDB Complete: Time (s): cpu = 00:00:00 ; elapsed = 00:00:00.147 . Memory (MB): peak = 2038.887 ; gain = 0.000
Wrote PlaceDB: Time (s): cpu = 00:00:02 ; elapsed = 00:00:01 . Memory (MB): peak = 2038.887 ; gain = 0.000
Wrote PulsedLatchDB: Time (s): cpu = 00:00:00 ; elapsed = 00:00:00 . Memory (MB): peak = 2038.887 ; gain = 0.000
Writing XDEF routing.
Writing XDEF routing logical nets.
Writing XDEF routing special nets.
Wrote RouteStorage: Time (s): cpu = 00:00:00 ; elapsed = 00:00:00.043 . Memory (MB): peak = 2038.887 ; gain = 0.000
Wrote Netlist Cache: Time (s): cpu = 00:00:00 ; elapsed = 00:00:00.031 . Memory (MB): peak = 2038.887 ; gain = 0.000
Wrote Device Cache: Time (s): cpu = 00:00:00 ; elapsed = 00:00:00.035 . Memory (MB): peak = 2038.887 ; gain = 0.000
Write Physdb Complete: Time (s): cpu = 00:00:02 ; elapsed = 00:00:02 . Memory (MB): peak = 2038.887 ; gain = 0.000
INFO: [Common 17-1381] The checkpoint 'C:/Users/tillkorsmeier/Desktop/MA/Z7-Nano/ParEIS-MSX/HW/HW.runs/impl_1/design_1_wrapper_placed.dcp' has been generated.
Command: phys_opt_design
Attempting to get a license for feature 'Implementation' and/or device 'xc7z010'
INFO: [Common 17-349] Got license for feature 'Implementation' and/or device 'xc7z010'

Starting Initial Update Timing Task

Time (s): cpu = 00:00:02 ; elapsed = 00:00:01 . Memory (MB): peak = 2038.887 ; gain = 0.000
INFO: [Vivado_Tcl 4-2279] Estimated Timing Summary | WNS= 1.343 | TNS= 0.000 | 
INFO: [Vivado_Tcl 4-383] Design worst setup slack (WNS) is greater than or equal to 0.000 ns. All physical synthesis setup optimizations will be skipped.
INFO: [Vivado_Tcl 4-232] No setup violation found. The netlist was not modified.
INFO: [Common 17-83] Releasing license: Implementation
97 Infos, 3 Warnings, 0 Critical Warnings and 0 Errors encountered.
phys_opt_design completed successfully
INFO: [Timing 38-480] Writing timing data to binary archive.
Write ShapeDB Complete: Time (s): cpu = 00:00:00 ; elapsed = 00:00:00.128 . Memory (MB): peak = 2038.887 ; gain = 0.000
Wrote PlaceDB: Time (s): cpu = 00:00:02 ; elapsed = 00:00:01 . Memory (MB): peak = 2038.887 ; gain = 0.000
Wrote PulsedLatchDB: Time (s): cpu = 00:00:00 ; elapsed = 00:00:00 . Memory (MB): peak = 2038.887 ; gain = 0.000
Writing XDEF routing.
Writing XDEF routing logical nets.
Writing XDEF routing special nets.
Wrote RouteStorage: Time (s): cpu = 00:00:00 ; elapsed = 00:00:00.068 . Memory (MB): peak = 2038.887 ; gain = 0.000
Wrote Netlist Cache: Time (s): cpu = 00:00:00 ; elapsed = 00:00:00.038 . Memory (MB): peak = 2038.887 ; gain = 0.000
Wrote Device Cache: Time (s): cpu = 00:00:00 ; elapsed = 00:00:00.022 . Memory (MB): peak = 2038.887 ; gain = 0.000
Write Physdb Complete: Time (s): cpu = 00:00:02 ; elapsed = 00:00:01 . Memory (MB): peak = 2038.887 ; gain = 0.000
INFO: [Common 17-1381] The checkpoint 'C:/Users/tillkorsmeier/Desktop/MA/Z7-Nano/ParEIS-MSX/HW/HW.runs/impl_1/design_1_wrapper_physopt.dcp' has been generated.
Command: route_design
Attempting to get a license for feature 'Implementation' and/or device 'xc7z010'
INFO: [Common 17-349] Got license for feature 'Implementation' and/or device 'xc7z010'


Starting Routing Task
INFO: [Route 35-254] Multithreading enabled for route_design using a maximum of 2 CPUs

Phase 1 Build RT Design
Checksum: PlaceDB: b3e778f5 ConstDB: 0 ShapeSum: d4f84879 RouteDB: 6998572b
Post Restoration Checksum: NetGraph: 1222d0c | NumContArr: 3904f018 | Constraints: c2a8fa9d | Timing: c2a8fa9d
Phase 1 Build RT Design | Checksum: 1bf79125e

Time (s): cpu = 00:00:20 ; elapsed = 00:00:19 . Memory (MB): peak = 2050.273 ; gain = 11.387

Phase 2 Router Initialization

Phase 2.1 Fix Topology Constraints
Phase 2.1 Fix Topology Constraints | Checksum: 1bf79125e

Time (s): cpu = 00:00:20 ; elapsed = 00:00:19 . Memory (MB): peak = 2050.273 ; gain = 11.387

Phase 2.2 Pre Route Cleanup
Phase 2.2 Pre Route Cleanup | Checksum: 1bf79125e

Time (s): cpu = 00:00:20 ; elapsed = 00:00:19 . Memory (MB): peak = 2050.273 ; gain = 11.387
 Number of Nodes with overlaps = 0

Phase 2.3 Update Timing
Phase 2.3 Update Timing | Checksum: 229bc4647

Time (s): cpu = 00:00:23 ; elapsed = 00:00:22 . Memory (MB): peak = 2083.039 ; gain = 44.152
INFO: [Route 35-416] Intermediate Timing Summary | WNS=1.343  | TNS=0.000  | WHS=-0.304 | THS=-92.174|


Router Utilization Summary
  Global Vertical Routing Utilization    = 0 %
  Global Horizontal Routing Utilization  = 0 %
  Routable Net Status*
  *Does not include unroutable nets such as driverless and loadless.
  Run report_route_status for detailed report.
  Number of Failed Nets               = 6819
    (Failed Nets is the sum of unrouted and partially routed nets)
  Number of Unrouted Nets             = 6819
  Number of Partially Routed Nets     = 0
  Number of Node Overlaps             = 0

Phase 2 Router Initialization | Checksum: 1fab2ca36

Time (s): cpu = 00:00:24 ; elapsed = 00:00:23 . Memory (MB): peak = 2083.039 ; gain = 44.152

Phase 3 Global Routing
Phase 3 Global Routing | Checksum: 1fab2ca36

Time (s): cpu = 00:00:24 ; elapsed = 00:00:23 . Memory (MB): peak = 2083.039 ; gain = 44.152

Phase 4 Initial Routing

Phase 4.1 Initial Net Routing Pass
Phase 4.1 Initial Net Routing Pass | Checksum: 1c34facf4

Time (s): cpu = 00:00:26 ; elapsed = 00:00:24 . Memory (MB): peak = 2083.039 ; gain = 44.152
Phase 4 Initial Routing | Checksum: 1c34facf4

Time (s): cpu = 00:00:26 ; elapsed = 00:00:24 . Memory (MB): peak = 2083.039 ; gain = 44.152

Phase 5 Rip-up And Reroute

Phase 5.1 Global Iteration 0
 Number of Nodes with overlaps = 523
 Number of Nodes with overlaps = 40
 Number of Nodes with overlaps = 9
 Number of Nodes with overlaps = 6
 Number of Nodes with overlaps = 3
 Number of Nodes with overlaps = 0
INFO: [Route 35-416] Intermediate Timing Summary | WNS=0.946  | TNS=0.000  | WHS=N/A    | THS=N/A    |

Phase 5.1 Global Iteration 0 | Checksum: 17e2eadd0

Time (s): cpu = 00:00:31 ; elapsed = 00:00:28 . Memory (MB): peak = 2083.039 ; gain = 44.152

Phase 5.2 Global Iteration 1
 Number of Nodes with overlaps = 10
 Number of Nodes with overlaps = 0
INFO: [Route 35-416] Intermediate Timing Summary | WNS=0.946  | TNS=0.000  | WHS=N/A    | THS=N/A    |

Phase 5.2 Global Iteration 1 | Checksum: 23589fbba

Time (s): cpu = 00:00:31 ; elapsed = 00:00:28 . Memory (MB): peak = 2083.039 ; gain = 44.152
Phase 5 Rip-up And Reroute | Checksum: 23589fbba

Time (s): cpu = 00:00:31 ; elapsed = 00:00:28 . Memory (MB): peak = 2083.039 ; gain = 44.152

Phase 6 Delay and Skew Optimization

Phase 6.1 Delay CleanUp

Phase 6.1.1 Update Timing
Phase 6.1.1 Update Timing | Checksum: 23092a151

Time (s): cpu = 00:00:32 ; elapsed = 00:00:29 . Memory (MB): peak = 2083.039 ; gain = 44.152
INFO: [Route 35-416] Intermediate Timing Summary | WNS=0.959  | TNS=0.000  | WHS=N/A    | THS=N/A    |

Phase 6.1 Delay CleanUp | Checksum: 23092a151

Time (s): cpu = 00:00:32 ; elapsed = 00:00:29 . Memory (MB): peak = 2083.039 ; gain = 44.152

Phase 6.2 Clock Skew Optimization
Phase 6.2 Clock Skew Optimization | Checksum: 23092a151

Time (s): cpu = 00:00:32 ; elapsed = 00:00:29 . Memory (MB): peak = 2083.039 ; gain = 44.152
Phase 6 Delay and Skew Optimization | Checksum: 23092a151

Time (s): cpu = 00:00:32 ; elapsed = 00:00:29 . Memory (MB): peak = 2083.039 ; gain = 44.152

Phase 7 Post Hold Fix

Phase 7.1 Hold Fix Iter
INFO: [Route 35-416] Intermediate Timing Summary | WNS=0.959  | TNS=0.000  | WHS=0.037  | THS=0.000  |

Phase 7.1 Hold Fix Iter | Checksum: 25e245602

Time (s): cpu = 00:00:33 ; elapsed = 00:00:29 . Memory (MB): peak = 2083.039 ; gain = 44.152
Phase 7 Post Hold Fix | Checksum: 25e245602

Time (s): cpu = 00:00:33 ; elapsed = 00:00:29 . Memory (MB): peak = 2083.039 ; gain = 44.152

Phase 8 Route finalize

Router Utilization Summary
  Global Vertical Routing Utilization    = 3.00042 %
  Global Horizontal Routing Utilization  = 3.79825 %
  Routable Net Status*
  *Does not include unroutable nets such as driverless and loadless.
  Run report_route_status for detailed report.
  Number of Failed Nets               = 0
    (Failed Nets is the sum of unrouted and partially routed nets)
  Number of Unrouted Nets             = 0
  Number of Partially Routed Nets     = 0
  Number of Node Overlaps             = 0

Phase 8 Route finalize | Checksum: 25e245602

Time (s): cpu = 00:00:33 ; elapsed = 00:00:29 . Memory (MB): peak = 2083.039 ; gain = 44.152

Phase 9 Verifying routed nets

 Verification completed successfully
Phase 9 Verifying routed nets | Checksum: 25e245602

Time (s): cpu = 00:00:33 ; elapsed = 00:00:29 . Memory (MB): peak = 2083.039 ; gain = 44.152

Phase 10 Depositing Routes
Phase 10 Depositing Routes | Checksum: 1e6ab5ee2

Time (s): cpu = 00:00:34 ; elapsed = 00:00:30 . Memory (MB): peak = 2083.039 ; gain = 44.152

Phase 11 Post Process Routing
Phase 11 Post Process Routing | Checksum: 1e6ab5ee2

Time (s): cpu = 00:00:34 ; elapsed = 00:00:30 . Memory (MB): peak = 2083.039 ; gain = 44.152

Phase 12 Post Router Timing
INFO: [Route 35-57] Estimated Timing Summary | WNS=0.959  | TNS=0.000  | WHS=0.037  | THS=0.000  |

INFO: [Route 35-327] The final timing numbers are based on the router estimated timing analysis. For a complete and accurate timing signoff, please run report_timing_summary.
Phase 12 Post Router Timing | Checksum: 1e6ab5ee2

Time (s): cpu = 00:00:34 ; elapsed = 00:00:30 . Memory (MB): peak = 2083.039 ; gain = 44.152
Total Elapsed time in route_design: 29.778 secs

Phase 13 Post-Route Event Processing
Phase 13 Post-Route Event Processing | Checksum: 1986c906b

Time (s): cpu = 00:00:34 ; elapsed = 00:00:30 . Memory (MB): peak = 2083.039 ; gain = 44.152
INFO: [Route 35-16] Router Completed Successfully
Ending Routing Task | Checksum: 1986c906b

Time (s): cpu = 00:00:34 ; elapsed = 00:00:30 . Memory (MB): peak = 2083.039 ; gain = 44.152

Routing Is Done.
INFO: [Common 17-83] Releasing license: Implementation
110 Infos, 3 Warnings, 0 Critical Warnings and 0 Errors encountered.
route_design completed successfully
route_design: Time (s): cpu = 00:00:34 ; elapsed = 00:00:30 . Memory (MB): peak = 2083.039 ; gain = 44.152
INFO: [Vivado 12-24828] Executing command : report_drc -file design_1_wrapper_drc_routed.rpt -pb design_1_wrapper_drc_routed.pb -rpx design_1_wrapper_drc_routed.rpx
Command: report_drc -file design_1_wrapper_drc_routed.rpt -pb design_1_wrapper_drc_routed.pb -rpx design_1_wrapper_drc_routed.rpx
INFO: [IP_Flow 19-1839] IP Catalog is up to date.
INFO: [DRC 23-27] Running DRC with 2 threads
INFO: [Vivado_Tcl 2-168] The results of DRC are in file C:/Users/tillkorsmeier/Desktop/MA/Z7-Nano/ParEIS-MSX/HW/HW.runs/impl_1/design_1_wrapper_drc_routed.rpt.
report_drc completed successfully
report_drc: Time (s): cpu = 00:00:19 ; elapsed = 00:00:11 . Memory (MB): peak = 2121.328 ; gain = 38.289
INFO: [Vivado 12-24828] Executing command : report_methodology -file design_1_wrapper_methodology_drc_routed.rpt -pb design_1_wrapper_methodology_drc_routed.pb -rpx design_1_wrapper_methodology_drc_routed.rpx
Command: report_methodology -file design_1_wrapper_methodology_drc_routed.rpt -pb design_1_wrapper_methodology_drc_routed.pb -rpx design_1_wrapper_methodology_drc_routed.rpx
INFO: [Timing 38-35] Done setting XDC timing constraints.
INFO: [DRC 23-133] Running Methodology with 2 threads
INFO: [Vivado_Tcl 2-1520] The results of Report Methodology are in file C:/Users/tillkorsmeier/Desktop/MA/Z7-Nano/ParEIS-MSX/HW/HW.runs/impl_1/design_1_wrapper_methodology_drc_routed.rpt.
report_methodology completed successfully
report_drc: Time (s): cpu = 00:00:19 ; elapsed = 00:00:11 . Memory (MB): peak = 2171.777 ; gain = 50.449
INFO: [Vivado 12-24828] Executing command : report_timing_summary -max_paths 10 -report_unconstrained -file design_1_wrapper_timing_summary_routed.rpt -pb design_1_wrapper_timing_summary_routed.pb -rpx design_1_wrapper_timing_summary_routed.rpx -warn_on_violation 
INFO: [Timing 38-35] Done setting XDC timing constraints.
INFO: [Timing 38-91] UpdateTimingParams: Speed grade: -1, Delay Type: min_max.
INFO: [Timing 38-191] Multithreading enabled for timing update using a maximum of 2 CPUs
INFO: [Vivado 12-24838] Running report commands "report_incremental_reuse, report_route_status" in parallel.
Running report generation with 2 threads.
INFO: [Vivado 12-24828] Executing command : report_incremental_reuse -file design_1_wrapper_incremental_reuse_routed.rpt
INFO: [Vivado_Tcl 4-1062] Incremental flow is disabled. No incremental reuse Info to report.
INFO: [Vivado 12-24828] Executing command : report_route_status -file design_1_wrapper_route_status.rpt -pb design_1_wrapper_route_status.pb
INFO: [Vivado 12-24828] Executing command : report_power -file design_1_wrapper_power_routed.rpt -pb design_1_wrapper_power_summary_routed.pb -rpx design_1_wrapper_power_routed.rpx
Command: report_power -file design_1_wrapper_power_routed.rpt -pb design_1_wrapper_power_summary_routed.pb -rpx design_1_wrapper_power_routed.rpx
Running Vector-less Activity Propagation...

Finished Running Vector-less Activity Propagation
WARNING: [Power 33-332] Found switching activity that implies high-fanout reset nets being asserted for excessive periods of time which may result in inaccurate power analysis.
Resolution: To review and fix problems, please run Power Constraints Advisor in the GUI from Tools > Power Constraints Advisor or run report_power with the -advisory option to generate a text report.
127 Infos, 4 Warnings, 0 Critical Warnings and 0 Errors encountered.
report_power completed successfully
INFO: [Vivado 12-24828] Executing command : report_clock_utilization -file design_1_wrapper_clock_utilization_routed.rpt
INFO: [Vivado 12-24828] Executing command : report_bus_skew -warn_on_violation -file design_1_wrapper_bus_skew_routed.rpt -pb design_1_wrapper_bus_skew_routed.pb -rpx design_1_wrapper_bus_skew_routed.rpx
INFO: [Timing 38-91] UpdateTimingParams: Speed grade: -1, Delay Type: min_max.
INFO: [Timing 38-191] Multithreading enabled for timing update using a maximum of 2 CPUs
generate_parallel_reports: Time (s): cpu = 00:00:44 ; elapsed = 00:00:28 . Memory (MB): peak = 2180.254 ; gain = 97.215
INFO: [Timing 38-480] Writing timing data to binary archive.
Write ShapeDB Complete: Time (s): cpu = 00:00:00 ; elapsed = 00:00:00.156 . Memory (MB): peak = 2211.406 ; gain = 20.926
Wrote PlaceDB: Time (s): cpu = 00:00:02 ; elapsed = 00:00:01 . Memory (MB): peak = 2215.477 ; gain = 24.996
Wrote PulsedLatchDB: Time (s): cpu = 00:00:00 ; elapsed = 00:00:00 . Memory (MB): peak = 2215.477 ; gain = 0.000
Writing XDEF routing.
Writing XDEF routing logical nets.
Writing XDEF routing special nets.
Wrote RouteStorage: Time (s): cpu = 00:00:01 ; elapsed = 00:00:00.203 . Memory (MB): peak = 2215.477 ; gain = 0.000
Wrote Netlist Cache: Time (s): cpu = 00:00:00 ; elapsed = 00:00:00.026 . Memory (MB): peak = 2215.477 ; gain = 0.000
Wrote Device Cache: Time (s): cpu = 00:00:00 ; elapsed = 00:00:00.023 . Memory (MB): peak = 2215.477 ; gain = 0.000
Write Physdb Complete: Time (s): cpu = 00:00:03 ; elapsed = 00:00:02 . Memory (MB): peak = 2215.477 ; gain = 24.996
INFO: [Common 17-1381] The checkpoint 'C:/Users/tillkorsmeier/Desktop/MA/Z7-Nano/ParEIS-MSX/HW/HW.runs/impl_1/design_1_wrapper_routed.dcp' has been generated.
INFO: [Memdata 28-208] The XPM instance: <design_1_i/axis_data_fifo_0/inst/gen_fifo.xpm_fifo_axis_inst/xpm_fifo_base_inst/gen_sdpram.xpm_memory_base_inst> is part of IP: <design_1_i/axis_data_fifo_0>. This XPM instance will be excluded from the .mmi because updatemem is prohibited from making changes to an XPM that is part of an IP.
INFO: [Memdata 28-167] Found XPM memory block design_1_i/axi_dma_0/U0/I_PRMRY_DATAMOVER/GEN_S2MM_FULL.I_S2MM_FULL_WRAPPER/GEN_ENABLE_INDET_BTT_SF.I_INDET_BTT/I_XD_FIFO/NON_BLK_MEM.I_SYNC_FIFOGEN_FIFO/xpm_fifo_instance.xpm_fifo_sync_inst/xpm_fifo_base_inst/gen_sdpram.xpm_memory_base_inst with a P_MEMORY_PRIMITIVE property set to auto. A value of block is required. You will not be able to use the updatemem program to update the bitstream with new data for the design_1_i/axi_dma_0/U0/I_PRMRY_DATAMOVER/GEN_S2MM_FULL.I_S2MM_FULL_WRAPPER/GEN_ENABLE_INDET_BTT_SF.I_INDET_BTT/I_XD_FIFO/NON_BLK_MEM.I_SYNC_FIFOGEN_FIFO/xpm_fifo_instance.xpm_fifo_sync_inst/xpm_fifo_base_inst/gen_sdpram.xpm_memory_base_inst block.
INFO: [Memdata 28-208] The XPM instance: <design_1_i/axi_dma_0/U0/I_PRMRY_DATAMOVER/GEN_S2MM_FULL.I_S2MM_FULL_WRAPPER/GEN_ENABLE_INDET_BTT_SF.I_INDET_BTT/I_DATA_FIFO/BLK_MEM.I_SYNC_FIFOGEN_FIFO/xpm_fifo_instance.xpm_fifo_sync_inst/xpm_fifo_base_inst/gen_sdpram.xpm_memory_base_inst> is part of IP: <design_1_i/axi_dma_0>. This XPM instance will be excluded from the .mmi because updatemem is prohibited from making changes to an XPM that is part of an IP.
Command: write_bitstream -force design_1_wrapper.bit
Attempting to get a license for feature 'Implementation' and/or device 'xc7z010'
INFO: [Common 17-349] Got license for feature 'Implementation' and/or device 'xc7z010'
Running DRC as a precondition to command write_bitstream
INFO: [IP_Flow 19-1839] IP Catalog is up to date.
INFO: [DRC 23-27] Running DRC with 2 threads
INFO: [Vivado 12-3199] DRC finished with 0 Errors
INFO: [Vivado 12-3200] Please refer to the DRC report (report_drc) for more information.
INFO: [Designutils 20-2272] Running write_bitstream with 2 threads.
Loading data files...
Loading site data...
Loading route data...
Processing options...
Creating bitmap...
Creating bitstream...
Writing bitstream ./design_1_wrapper.bit...
INFO: [Vivado 12-1842] Bitgen Completed Successfully.
INFO: [Project 1-1876] WebTalk data collection is mandatory when using a ULT device. To see the specific WebTalk data collected for your design, open the usage_statistics_webtalk.html or usage_statistics_webtalk.xml file in the implementation directory.
INFO: [Common 17-83] Releasing license: Implementation
145 Infos, 4 Warnings, 0 Critical Warnings and 0 Errors encountered.
write_bitstream completed successfully
write_bitstream: Time (s): cpu = 00:00:34 ; elapsed = 00:00:24 . Memory (MB): peak = 2684.059 ; gain = 468.582
INFO: [Common 17-206] Exiting Vivado at Wed Aug 19 17:38:56 2026...
